exports[`<Main /> renders with default props 1`] = `
<div
  className="view">
  <div
    className="view-content main">
    <img
      className="logo-main"
      src="test-file-stub" />
    <h1
      className="title-main">
      Gridlock
    </h1>
    <div
      className="container-action-buttons">
      <div
        className="action-button">
        <button
          disabled={false}
          href={undefined}
          onBlur={[Function]}
          onClick={[Function]}
          onFocus={[Function]}
          onKeyDown={[Function]}
          onKeyUp={[Function]}
          onMouseDown={[Function]}
          onMouseEnter={[Function]}
          onMouseLeave={[Function]}
          onMouseUp={[Function]}
          onTouchEnd={[Function]}
          onTouchStart={[Function]}
          onTouchTap={[Function]}
          style={
            Object {
              "WebkitTapHighlightColor": "rgba(0, 0, 0, 0)",
              "backgroundColor": "rgba(0, 0, 0, 0)",
              "border": 10,
              "borderRadius": 2,
              "boxSizing": "border-box",
              "color": "#bf360c",
              "cursor": "pointer",
              "display": "inline-block",
              "fontFamily": "Roboto, sans-serif",
              "fontSize": "inherit",
              "fontWeight": "inherit",
              "height": 36,
              "lineHeight": "36px",
              "margin": 0,
              "minWidth": 88,
              "muiPrepared": true,
              "outline": "none",
              "overflow": "hidden",
              "padding": 0,
              "position": "relative",
              "textAlign": "center",
              "textDecoration": "none",
              "transform": "translate(0, 0)",
              "transition": "all 450ms cubic-bezier(0.23, 1, 0.32, 1) 0ms",
              "userSelect": "none",
              "verticalAlign": null,
            }
          }
          tabIndex={0}
          type="button">
          <div
            onMouseDown={[Function]}
            onMouseLeave={[Function]}
            onMouseUp={[Function]}
            onTouchEnd={[Function]}
            onTouchStart={[Function]}>
            <span
              style={
                Object {
                  "fontSize": "20px",
                  "fontWeight": "bold",
                  "letterSpacing": 0,
                  "muiPrepared": true,
                  "paddingLeft": 16,
                  "paddingRight": 16,
                  "position": "relative",
                  "textTransform": "uppercase",
                  "verticalAlign": "middle",
                }
              }>
              Play
            </span>
          </div>
        </button>
      </div>
      <div
        className="action-button">
        <button
          disabled={true}
          href={undefined}
          onBlur={[Function]}
          onClick={[Function]}
          onFocus={[Function]}
          onKeyDown={[Function]}
          onKeyUp={[Function]}
          onMouseDown={[Function]}
          onMouseEnter={[Function]}
          onMouseLeave={[Function]}
          onMouseUp={[Function]}
          onTouchEnd={[Function]}
          onTouchStart={[Function]}
          onTouchTap={[Function]}
          style={
            Object {
              "WebkitTapHighlightColor": "rgba(0, 0, 0, 0)",
              "backgroundColor": "rgba(0, 0, 0, 0)",
              "border": 10,
              "borderRadius": 2,
              "boxSizing": "border-box",
              "color": "rgba(255, 255, 255, 0.3)",
              "cursor": "default",
              "display": "inline-block",
              "fontFamily": "Roboto, sans-serif",
              "fontSize": "inherit",
              "fontWeight": "inherit",
              "height": 36,
              "lineHeight": "36px",
              "margin": 0,
              "minWidth": 88,
              "muiPrepared": true,
              "outline": "none",
              "overflow": "hidden",
              "padding": 0,
              "position": "relative",
              "textAlign": "center",
              "textDecoration": "none",
              "transform": "translate(0, 0)",
              "transition": "all 450ms cubic-bezier(0.23, 1, 0.32, 1) 0ms",
              "userSelect": "none",
              "verticalAlign": null,
            }
          }
          tabIndex={0}
          type="button">
          <span
            style={
              Object {
                "fontSize": "20px",
                "fontWeight": 500,
                "letterSpacing": 0,
                "muiPrepared": true,
                "paddingLeft": 16,
                "paddingRight": 16,
                "position": "relative",
                "textTransform": "uppercase",
                "verticalAlign": "middle",
              }
            }>
            Create
          </span>
        </button>
      </div>
      <div
        className="action-button">
        <button
          disabled={false}
          href={undefined}
          onBlur={[Function]}
          onClick={[Function]}
          onFocus={[Function]}
          onKeyDown={[Function]}
          onKeyUp={[Function]}
          onMouseDown={[Function]}
          onMouseEnter={[Function]}
          onMouseLeave={[Function]}
          onMouseUp={[Function]}
          onTouchEnd={[Function]}
          onTouchStart={[Function]}
          onTouchTap={[Function]}
          style={
            Object {
              "WebkitTapHighlightColor": "rgba(0, 0, 0, 0)",
              "backgroundColor": "rgba(0, 0, 0, 0)",
              "border": 10,
              "borderRadius": 2,
              "boxSizing": "border-box",
              "color": "rgba(255, 255, 255, 1)",
              "cursor": "pointer",
              "display": "inline-block",
              "fontFamily": "Roboto, sans-serif",
              "fontSize": "inherit",
              "fontWeight": "inherit",
              "height": 36,
              "lineHeight": "36px",
              "margin": 0,
              "minWidth": 88,
              "muiPrepared": true,
              "outline": "none",
              "overflow": "hidden",
              "padding": 0,
              "position": "relative",
              "textAlign": "center",
              "textDecoration": "none",
              "transform": "translate(0, 0)",
              "transition": "all 450ms cubic-bezier(0.23, 1, 0.32, 1) 0ms",
              "userSelect": "none",
              "verticalAlign": null,
            }
          }
          tabIndex={0}
          type="button">
          <div
            onMouseDown={[Function]}
            onMouseLeave={[Function]}
            onMouseUp={[Function]}
            onTouchEnd={[Function]}
            onTouchStart={[Function]}>
            <span
              style={
                Object {
                  "fontSize": "20px",
                  "fontWeight": 500,
                  "letterSpacing": 0,
                  "muiPrepared": true,
                  "paddingLeft": 16,
                  "paddingRight": 16,
                  "position": "relative",
                  "textTransform": "uppercase",
                  "verticalAlign": "middle",
                }
              }>
              How to Play
            </span>
          </div>
        </button>
      </div>
      <div
        className="action-button">
        <button
          disabled={false}
          href={undefined}
          onBlur={[Function]}
          onClick={[Function]}
          onFocus={[Function]}
          onKeyDown={[Function]}
          onKeyUp={[Function]}
          onMouseDown={[Function]}
          onMouseEnter={[Function]}
          onMouseLeave={[Function]}
          onMouseUp={[Function]}
          onTouchEnd={[Function]}
          onTouchStart={[Function]}
          onTouchTap={[Function]}
          style={
            Object {
              "WebkitTapHighlightColor": "rgba(0, 0, 0, 0)",
              "backgroundColor": "rgba(0, 0, 0, 0)",
              "border": 10,
              "borderRadius": 2,
              "boxSizing": "border-box",
              "color": "rgba(255, 255, 255, 1)",
              "cursor": "pointer",
              "display": "inline-block",
              "fontFamily": "Roboto, sans-serif",
              "fontSize": "inherit",
              "fontWeight": "inherit",
              "height": 36,
              "lineHeight": "36px",
              "margin": 0,
              "minWidth": 88,
              "muiPrepared": true,
              "outline": "none",
              "overflow": "hidden",
              "padding": 0,
              "position": "relative",
              "textAlign": "center",
              "textDecoration": "none",
              "transform": "translate(0, 0)",
              "transition": "all 450ms cubic-bezier(0.23, 1, 0.32, 1) 0ms",
              "userSelect": "none",
              "verticalAlign": null,
            }
          }
          tabIndex={0}
          type="button">
          <div
            onMouseDown={[Function]}
            onMouseLeave={[Function]}
            onMouseUp={[Function]}
            onTouchEnd={[Function]}
            onTouchStart={[Function]}>
            <span
              style={
                Object {
                  "fontSize": "20px",
                  "fontWeight": 500,
                  "letterSpacing": 0,
                  "muiPrepared": true,
                  "paddingLeft": 16,
                  "paddingRight": 16,
                  "position": "relative",
                  "textTransform": "uppercase",
                  "verticalAlign": "middle",
                }
              }>
              About
            </span>
          </div>
        </button>
      </div>
    </div>
  </div>
</div>
`;
